result code = -1
standard error = {
Tests/Diagnostics/call-argument-type.spire(9): error 30021: f: no overload takes arguments (B)
}
standard output = {
}
