result code = -1
standard error = {
Tests/Diagnostics/expected-token-eof.spire(0): error 20001: '?' expected but end of file encountered.
Tests/Diagnostics/expected-token-eof.spire(0): error 20001: ',' expected but end of file encountered.
Tests/Diagnostics/expected-token-eof.spire(0): error 20001: ';' expected but end of file encountered.
Tests/Diagnostics/expected-token-eof.spire(0): error 20001: '}' expected but end of file encountered.
}
standard output = {
}
