result code = -1
standard error = {
Tests/Diagnostics/missing-file.spire(0): error 20001: ';' expected but end of file encountered.
Tests/Diagnostics/missing-file.spire(3): error 2: cannot find file 'Tests/Diagnostics/missing-file.spire'.
}
standard output = {
}
